     1 00000000                                 [FORMAT "WCOFF"]
     2 00000000                                 [INSTRSET "i486p"]
     3 00000000                                 [OPTIMIZE 1]
     4 00000000                                 [OPTION 1]
     5 00000000                                 [BITS 32]
     6 00000000                                 	EXTERN	_init_gdtidt
     7 00000000                                 	EXTERN	_init_pic
     8 00000000                                 	EXTERN	_io_sti
     9 00000000                                 	EXTERN	_io_out8
    10 00000000                                 	EXTERN	_init_palette
    11 00000000                                 	EXTERN	_init_screen8
    12 00000000                                 	EXTERN	_init_mouse_cursor8
    13 00000000                                 	EXTERN	_putblock8_8
    14 00000000                                 	EXTERN	_sprintf
    15 00000000                                 	EXTERN	_putfonts8_asc
    16 00000000                                 	EXTERN	_io_cli
    17 00000000                                 	EXTERN	_keybuf
    18 00000000                                 	EXTERN	_boxfill8
    19 00000000                                 	EXTERN	_io_stihlt
    20 00000000                                 [FILE "bootpack.c"]
    21                                          [SECTION .data]
    22 00000000                                 LC0:
    23 00000000 28 25 64 2C 20 25 64 29 00      	DB	"(%d, %d)",0x00
    24 00000009                                 LC1:
    25 00000009 25 30 32 58 00                  	DB	"%02X",0x00
    26                                          [SECTION .text]
    27 00000000                                 	GLOBAL	_HariMain
    28 00000000                                 _HariMain:
    29 00000000 55                              	PUSH	EBP
    30 00000001 89 E5                           	MOV	EBP,ESP
    31 00000003 57                              	PUSH	EDI
    32 00000004 56                              	PUSH	ESI
    33 00000005 53                              	PUSH	EBX
    34 00000006 8D 9D FFFFFEC4                  	LEA	EBX,DWORD [-316+EBP]
    35 0000000C 81 EC 00000130                  	SUB	ESP,304
    36 00000012 E8 [00000000]                   	CALL	_init_gdtidt
    37 00000017 E8 [00000000]                   	CALL	_init_pic
    38 0000001C E8 [00000000]                   	CALL	_io_sti
    39 00000021 68 000000F9                     	PUSH	249
    40 00000026 6A 21                           	PUSH	33
    41 00000028 E8 [00000000]                   	CALL	_io_out8
    42 0000002D 68 000000EF                     	PUSH	239
    43 00000032 68 000000A1                     	PUSH	161
    44 00000037 E8 [00000000]                   	CALL	_io_out8
    45 0000003C E8 [00000000]                   	CALL	_init_palette
    46 00000041 0F BF 05 00000FF6               	MOVSX	EAX,WORD [4086]
    47 00000048 50                              	PUSH	EAX
    48 00000049 0F BF 05 00000FF4               	MOVSX	EAX,WORD [4084]
    49 00000050 50                              	PUSH	EAX
    50 00000051 FF 35 00000FF8                  	PUSH	DWORD [4088]
    51 00000057 E8 [00000000]                   	CALL	_init_screen8
    52 0000005C B9 00000002                     	MOV	ECX,2
    53 00000061 0F BF 05 00000FF4               	MOVSX	EAX,WORD [4084]
    54 00000068 8D 50 F0                        	LEA	EDX,DWORD [-16+EAX]
    55 0000006B 89 D0                           	MOV	EAX,EDX
    56 0000006D 99                              	CDQ
    57 0000006E F7 F9                           	IDIV	ECX
    58 00000070 0F BF 15 00000FF6               	MOVSX	EDX,WORD [4086]
    59 00000077 83 EA 2C                        	SUB	EDX,44
    60 0000007A 89 C7                           	MOV	EDI,EAX
    61 0000007C 89 D0                           	MOV	EAX,EDX
    62 0000007E 6A 0E                           	PUSH	14
    63 00000080 99                              	CDQ
    64 00000081 F7 F9                           	IDIV	ECX
    65 00000083 53                              	PUSH	EBX
    66 00000084 89 C6                           	MOV	ESI,EAX
    67 00000086 E8 [00000000]                   	CALL	_init_mouse_cursor8
    68 0000008B 83 C4 24                        	ADD	ESP,36
    69 0000008E 6A 10                           	PUSH	16
    70 00000090 53                              	PUSH	EBX
    71 00000091 8D 5D C4                        	LEA	EBX,DWORD [-60+EBP]
    72 00000094 56                              	PUSH	ESI
    73 00000095 57                              	PUSH	EDI
    74 00000096 6A 10                           	PUSH	16
    75 00000098 6A 10                           	PUSH	16
    76 0000009A 0F BF 05 00000FF4               	MOVSX	EAX,WORD [4084]
    77 000000A1 50                              	PUSH	EAX
    78 000000A2 FF 35 00000FF8                  	PUSH	DWORD [4088]
    79 000000A8 E8 [00000000]                   	CALL	_putblock8_8
    80 000000AD 83 C4 20                        	ADD	ESP,32
    81 000000B0 56                              	PUSH	ESI
    82 000000B1 57                              	PUSH	EDI
    83 000000B2 68 [00000000]                   	PUSH	LC0
    84 000000B7 53                              	PUSH	EBX
    85 000000B8 E8 [00000000]                   	CALL	_sprintf
    86 000000BD 53                              	PUSH	EBX
    87 000000BE 6A 07                           	PUSH	7
    88 000000C0 6A 00                           	PUSH	0
    89 000000C2 6A 00                           	PUSH	0
    90 000000C4 0F BF 05 00000FF4               	MOVSX	EAX,WORD [4084]
    91 000000CB 50                              	PUSH	EAX
    92 000000CC FF 35 00000FF8                  	PUSH	DWORD [4088]
    93 000000D2 E8 [00000000]                   	CALL	_putfonts8_asc
    94 000000D7 83 C4 28                        	ADD	ESP,40
    95 000000DA                                 L2:
    96 000000DA E8 [00000000]                   	CALL	_io_cli
    97 000000DF 8B 15 [00000028]                	MOV	EDX,DWORD [_keybuf+40]
    98 000000E5 85 D2                           	TEST	EDX,EDX
    99 000000E7 0F 84 00000080                  	JE	L8
   100 000000ED A1 [00000020]                   	MOV	EAX,DWORD [_keybuf+32]
   101 000000F2 4A                              	DEC	EDX
   102 000000F3 89 15 [00000028]                	MOV	DWORD [_keybuf+40],EDX
   103 000000F9 0F B6 98 [00000000]             	MOVZX	EBX,BYTE [_keybuf+EAX]
   104 00000100 40                              	INC	EAX
   105 00000101 A3 [00000020]                   	MOV	DWORD [_keybuf+32],EAX
   106 00000106 83 F8 20                        	CMP	EAX,32
   107 00000109 74 56                           	JE	L9
   108 0000010B                                 L7:
   109 0000010B E8 [00000000]                   	CALL	_io_sti
   110 00000110 53                              	PUSH	EBX
   111 00000111 68 [00000009]                   	PUSH	LC1
   112 00000116 8D 5D C4                        	LEA	EBX,DWORD [-60+EBP]
   113 00000119 53                              	PUSH	EBX
   114 0000011A E8 [00000000]                   	CALL	_sprintf
   115 0000011F 6A 1F                           	PUSH	31
   116 00000121 6A 0F                           	PUSH	15
   117 00000123 6A 10                           	PUSH	16
   118 00000125 6A 00                           	PUSH	0
   119 00000127 6A 0E                           	PUSH	14
   120 00000129 0F BF 05 00000FF4               	MOVSX	EAX,WORD [4084]
   121 00000130 50                              	PUSH	EAX
   122 00000131 FF 35 00000FF8                  	PUSH	DWORD [4088]
   123 00000137 E8 [00000000]                   	CALL	_boxfill8
   124 0000013C 83 C4 28                        	ADD	ESP,40
   125 0000013F 53                              	PUSH	EBX
   126 00000140 6A 07                           	PUSH	7
   127 00000142 6A 10                           	PUSH	16
   128 00000144 6A 00                           	PUSH	0
   129 00000146 0F BF 05 00000FF4               	MOVSX	EAX,WORD [4084]
   130 0000014D 50                              	PUSH	EAX
   131 0000014E FF 35 00000FF8                  	PUSH	DWORD [4088]
   132 00000154 E8 [00000000]                   	CALL	_putfonts8_asc
   133 00000159 83 C4 18                        	ADD	ESP,24
   134 0000015C E9 FFFFFF79                     	JMP	L2
   135 00000161                                 L9:
   136 00000161 C7 05 [00000020] 00000000       	MOV	DWORD [_keybuf+32],0
   137 0000016B EB 9E                           	JMP	L7
   138 0000016D                                 L8:
   139 0000016D E8 [00000000]                   	CALL	_io_stihlt
   140 00000172 E9 FFFFFF63                     	JMP	L2
